// Jest Snapshot v1, https://goo.gl/fbAQLP

exports[`Header component matches snapshot 1`] = `
<header>
  <h1>
    Next.js Example
  </h1>
</header>
`;
